#-----------------------------------------------------------
# Vivado v2017.2.1 (64-bit)
# SW Build 1957588 on Wed Aug  9 16:32:24 MDT 2017
# IP Build 1948039 on Wed Aug  9 18:19:28 MDT 2017
# Start of session at: Sun Oct 22 19:37:57 2017
# Process ID: 14648
# Current directory: C:/Users/Juan Carlos/Xilinx/project 34 segment/project_34_segment
# Command line: vivado.exe -gui_launcher_event rodinguilauncherevent3568 C:\Users\Juan Carlos\Xilinx\project 34 segment\project_34_segment\project_34_segment.xpr
# Log file: C:/Users/Juan Carlos/Xilinx/project 34 segment/project_34_segment/vivado.log
# Journal file: C:/Users/Juan Carlos/Xilinx/project 34 segment/project_34_segment\vivado.jou
#-----------------------------------------------------------
start_gui
open_project {C:/Users/Juan Carlos/Xilinx/project 34 segment/project_34_segment/project_34_segment.xpr}
update_compile_order -fileset sources_1
update_compile_order -fileset sources_1
launch_simulation
source test_imp_sim.tcl
close_sim
launch_simulation
launch_simulation
source test_imp_sim.tcl
close_sim
launch_simulation
source test_imp_sim.tcl
set_property -name {xsim.simulate.runtime} -value {921000ns} -objects [get_filesets sim_1]
close_sim
launch_simulation
source test_imp_sim.tcl
close_sim
launch_simulation
launch_simulation
launch_simulation
launch_simulation
launch_simulation
launch_simulation
launch_simulation
launch_simulation
source test_imp_sim.tcl
close_sim
launch_simulation
source test_imp_sim.tcl
